// Jest Snapshot v1, https://goo.gl/fbAQLP

exports[`Pruebas en <GifGridItem /> debe renderizar el componente 1`] = `
<div
  className="card animate__animated animate__bounce "
>
  <img
    alt="Soy un titulo"
    src="https://localhost/img.jsp"
  />
  <p>
    Soy un titulo
  </p>
</div>
`;
